<?xml version="1.0" encoding="utf-8"?><testsuites name="pytest tests"><testsuite name="pytest" errors="0" failures="0" skipped="0" tests="40" time="105.972" timestamp="2025-11-14T10:05:56.962537-05:00" hostname="DESKTOP-AESHU7A"><testcase classname="apps.academics.tests.TestGradeModel" name="test_create_grade" file="apps\academics\tests.py" line="69" time="5.632" /><testcase classname="apps.academics.tests.TestGradeModel" name="test_grade_str_representation" file="apps\academics\tests.py" line="84" time="2.711" /><testcase classname="apps.academics.tests.TestGradeModel" name="test_grade_is_passing" file="apps\academics\tests.py" line="95" time="3.154" /><testcase classname="apps.academics.tests.TestGradeModel" name="test_grade_letter_grade" file="apps\academics\tests.py" line="113" time="2.748" /><testcase classname="apps.academics.tests.TestGradeModel" name="test_grade_validation_student_not_enrolled" file="apps\academics\tests.py" line="133" time="3.084" /><testcase classname="apps.academics.tests.TestGradeModel" name="test_grade_value_range" file="apps\academics\tests.py" line="146" time="2.902" /><testcase classname="apps.academics.tests.TestGradeModel" name="test_grade_weight_range" file="apps\academics\tests.py" line="160" time="3.580" /><testcase classname="apps.academics.tests.TestAttendanceModel" name="test_create_attendance" file="apps\academics\tests.py" line="176" time="2.737" /><testcase classname="apps.academics.tests.TestAttendanceModel" name="test_attendance_str_representation" file="apps\academics\tests.py" line="189" time="2.938" /><testcase classname="apps.academics.tests.TestAttendanceModel" name="test_attendance_statuses" file="apps\academics\tests.py" line="201" time="3.217" /><testcase classname="apps.academics.tests.TestAttendanceModel" name="test_attendance_unique_per_day" file="apps\academics\tests.py" line="221" time="2.609" /><testcase classname="apps.academics.tests.TestAttendanceModel" name="test_attendance_validation_student_not_enrolled" file="apps\academics\tests.py" line="241" time="2.879" /><testcase classname="apps.academics.tests.TestAttendanceModel" name="test_multiple_attendance_dates" file="apps\academics\tests.py" line="254" time="3.609" /><testcase classname="apps.courses.tests.TestCourseModel" name="test_create_course" file="apps\courses\tests.py" line="51" time="1.768" /><testcase classname="apps.courses.tests.TestCourseModel" name="test_course_str_representation" file="apps\courses\tests.py" line="67" time="1.104" /><testcase classname="apps.courses.tests.TestCourseModel" name="test_course_unique_code_per_period" file="apps\courses\tests.py" line="72" time="1.668" /><testcase classname="apps.courses.tests.TestCourseModel" name="test_course_enrolled_count" file="apps\courses\tests.py" line="92" time="3.374" /><testcase classname="apps.courses.tests.TestCourseModel" name="test_course_is_full" file="apps\courses\tests.py" line="103" time="4.499" /><testcase classname="apps.courses.tests.TestSubjectModel" name="test_create_subject" file="apps\courses\tests.py" line="129" time="0.983" /><testcase classname="apps.courses.tests.TestSubjectModel" name="test_subject_str_representation" file="apps\courses\tests.py" line="143" time="1.490" /><testcase classname="apps.courses.tests.TestSubjectModel" name="test_subject_unique_code" file="apps\courses\tests.py" line="154" time="1.639" /><testcase classname="apps.courses.tests.TestSubjectModel" name="test_subject_cascade_delete_with_course" file="apps\courses\tests.py" line="172" time="1.626" /><testcase classname="apps.courses.tests.TestCourseEnrollmentModel" name="test_create_enrollment" file="apps\courses\tests.py" line="192" time="3.349" /><testcase classname="apps.courses.tests.TestCourseEnrollmentModel" name="test_enrollment_str_representation" file="apps\courses\tests.py" line="202" time="2.926" /><testcase classname="apps.courses.tests.TestCourseEnrollmentModel" name="test_enrollment_unique_constraint" file="apps\courses\tests.py" line="211" time="2.987" /><testcase classname="apps.courses.tests.TestCourseEnrollmentModel" name="test_multiple_students_same_course" file="apps\courses\tests.py" line="225" time="5.944" /><testcase classname="apps.courses.tests.TestCourseEnrollmentModel" name="test_student_multiple_courses" file="apps\courses\tests.py" line="242" time="2.997" /><testcase classname="apps.users.tests.TestUserModel" name="test_create_user" file="apps\users\tests.py" line="11" time="3.415" /><testcase classname="apps.users.tests.TestUserModel" name="test_create_teacher" file="apps\users\tests.py" line="25" time="1.477" /><testcase classname="apps.users.tests.TestUserModel" name="test_create_admin" file="apps\users\tests.py" line="37" time="2.123" /><testcase classname="apps.users.tests.TestUserModel" name="test_get_full_name" file="apps\users\tests.py" line="49" time="1.413" /><testcase classname="apps.users.tests.TestUserModel" name="test_get_full_name_without_names" file="apps\users\tests.py" line="59" time="1.198" /><testcase classname="apps.users.tests.TestUserModel" name="test_user_str_representation" file="apps\users\tests.py" line="67" time="1.848" /><testcase classname="apps.users.tests.TestUserModel" name="test_user_role_properties" file="apps\users\tests.py" line="79" time="2.824" /><testcase classname="apps.users.tests.TestProfileModel" name="test_create_profile" file="apps\users\tests.py" line="102" time="1.663" /><testcase classname="apps.users.tests.TestProfileModel" name="test_profile_str_representation" file="apps\users\tests.py" line="119" time="1.470" /><testcase classname="apps.users.tests.TestProfileModel" name="test_profile_one_to_one_relationship" file="apps\users\tests.py" line="130" time="1.694" /><testcase classname="apps.users.tests.TestProfileModel" name="test_profile_soft_delete" file="apps\users\tests.py" line="143" time="1.821" /><testcase classname="apps.users.tests.TestProfileModel" name="test_profile_restore" file="apps\users\tests.py" line="156" time="1.850" /><testcase classname="tests.test_basic" name="test_home_page" file="tests\test_basic.py" line="4" time="1.394" /></testsuite></testsuites>